
> dev
> node scripts/with-app-env.mjs vite dev --host 0.0.0.0 --port 8788

node:internal/modules/cjs/loader:1522
  throw err;
  ^

Error: Cannot find module '/Users/EverettN/vite/packages/vite/bin/vite.js'
    at Module._resolveFilename (node:internal/modules/cjs/loader:1519:15)
    at wrapResolveFilename (node:internal/modules/cjs/loader:1073:27)
    at defaultResolveImplForCJSLoading (node:internal/modules/cjs/loader:1097:10)
    at resolveForCJSWithHooks (node:internal/modules/cjs/loader:1124:12)
    at Module._load (node:internal/modules/cjs/loader:1296:5)
    at wrapModuleLoad (node:internal/modules/cjs/loader:255:19)
    at Module.executeUserEntryPoint [as runMain] (node:internal/modules/run_main:154:5)
    at node:internal/main/run_main_module:33:47 {
  code: 'MODULE_NOT_FOUND',
  requireStack: []
}

Node.js v26.3.0

> dev
> node scripts/with-app-env.mjs vite dev --host 0.0.0.0 --port 8788


  VITE v8.2.2  ready in 978 ms

  ➜  Local:   http://localhost:8788/
  ➜  Network: http://192.168.12.122:8788/  en0
  ➜  Network: http://192.168.12.138:8788/  en1
3:49:04 AM [vite] (ssr) connected.
Error: aborted
    at abortIncoming (node:_http_server:912:17)
    ... 2 lines matching cause stack trace ...
    at TCP.<anonymous> (node:net:350:12) {
  cause: Error: aborted
      at abortIncoming (node:_http_server:912:17)
      at socketOnClose (node:_http_server:905:3)
      at Socket.emit (node:events:521:24)
      at TCP.<anonymous> (node:net:350:12) {
    code: 'ECONNRESET'
  },
  status: 500,
  statusText: undefined,
  headers: undefined,
  data: undefined,
  body: undefined,
  unhandled: true
}

> dev
> node scripts/with-app-env.mjs vite dev --host 0.0.0.0 --port 8788


  VITE v8.2.2  ready in 1774 ms

  ➜  Local:   http://localhost:8788/
  ➜  Network: http://192.168.12.122:8788/  en0
  ➜  Network: http://192.168.12.138:8788/  en1
8:06:42 PM [vite] (ssr) connected.
Error: aborted
    at abortIncoming (node:_http_server:912:17)
    ... 2 lines matching cause stack trace ...
    at TCP.<anonymous> (node:net:350:12) {
  cause: Error: aborted
      at abortIncoming (node:_http_server:912:17)
      at socketOnClose (node:_http_server:905:3)
      at Socket.emit (node:events:521:24)
      at TCP.<anonymous> (node:net:350:12) {
    code: 'ECONNRESET'
  },
  status: 500,
  statusText: undefined,
  headers: undefined,
  data: undefined,
  body: undefined,
  unhandled: true
}

> dev
> node scripts/with-app-env.mjs vite dev --host 0.0.0.0 --port 8788


  VITE v8.2.2  ready in 1696 ms

  ➜  Local:   http://localhost:8788/
  ➜  Network: http://192.168.12.122:8788/  en0
  ➜  Network: http://192.168.12.138:8788/  en1
10:42:22 AM [vite] (ssr) connected.
Error: aborted
    at abortIncoming (node:_http_server:912:17)
    ... 2 lines matching cause stack trace ...
    at TCP.<anonymous> (node:net:350:12) {
  cause: Error: aborted
      at abortIncoming (node:_http_server:912:17)
      at socketOnClose (node:_http_server:905:3)
      at Socket.emit (node:events:521:24)
      at TCP.<anonymous> (node:net:350:12) {
    code: 'ECONNRESET'
  },
  status: 500,
  statusText: undefined,
  headers: undefined,
  data: undefined,
  body: undefined,
  unhandled: true
}

> dev
> node scripts/with-app-env.mjs vite dev --host 0.0.0.0 --port 8788


  VITE v8.2.2  ready in 857 ms

  ➜  Local:   http://localhost:8788/
  ➜  Network: http://192.168.12.122:8788/  en0
  ➜  Network: http://192.168.12.138:8788/  en1
12:03:54 PM [vite] (ssr) connected.

> dev
> node scripts/with-app-env.mjs vite dev --host 0.0.0.0 --port 8788


  VITE v8.2.2  ready in 1609 ms

  ➜  Local:   http://localhost:8788/
  ➜  Network: http://192.168.12.122:8788/  en0
  ➜  Network: http://192.168.12.138:8788/  en1
8:07:14 AM [vite] (ssr) connected.
Error: aborted
    at abortIncoming (node:_http_server:912:17)
    ... 2 lines matching cause stack trace ...
    at TCP.<anonymous> (node:net:350:12) {
  cause: Error: aborted
      at abortIncoming (node:_http_server:912:17)
      at socketOnClose (node:_http_server:905:3)
      at Socket.emit (node:events:521:24)
      at TCP.<anonymous> (node:net:350:12) {
    code: 'ECONNRESET'
  },
  status: 500,
  statusText: undefined,
  headers: undefined,
  data: undefined,
  body: undefined,
  unhandled: true
}

> dev
> node scripts/with-app-env.mjs vite dev --host 0.0.0.0 --port 8788


  VITE v8.2.2  ready in 1632 ms

  ➜  Local:   http://localhost:8788/
  ➜  Network: http://192.168.12.122:8788/  en0
  ➜  Network: http://192.168.12.138:8788/  en1
2:34:33 AM [vite] (ssr) connected.
Error: aborted
    at abortIncoming (node:_http_server:912:17)
    ... 2 lines matching cause stack trace ...
    at TCP.<anonymous> (node:net:350:12) {
  cause: Error: aborted
      at abortIncoming (node:_http_server:912:17)
      at socketOnClose (node:_http_server:905:3)
      at Socket.emit (node:events:521:24)
      at TCP.<anonymous> (node:net:350:12) {
    code: 'ECONNRESET'
  },
  status: 500,
  statusText: undefined,
  headers: undefined,
  data: undefined,
  body: undefined,
  unhandled: true
}
2:43:27 AM [vite] (client) hmr update /src/styles.css?direct, /src/components/app-shell.tsx, /src/routes/index.tsx?tsr-split=component
2:43:27 AM [vite] (ssr) page reload src/lib/github.fn.ts
2:43:27 AM [vite] (ssr) program reload
2:43:35 AM [vite] (client) hmr update /src/styles.css?direct, /src/routes/index.tsx, /src/routes/index.tsx?tsr-split=component
2:43:35 AM [vite] (ssr) page reload src/routes/index.tsx
2:43:56 AM [vite] (client) hmr update /src/styles.css?direct, /src/components/app-shell.tsx, /src/routes/index.tsx?tsr-split=component, /src/components/unknown-person.tsx, /src/routes/ledger.tsx?tsr-split=component
2:43:56 AM [vite] (ssr) page reload src/lib/store.ts
3:30:48 AM [vite] vite.config.ts changed, restarting server...
3:30:48 AM [vite] server restarted.
3:30:48 AM [vite] (ssr) connected.
